============================= test session starts ==============================
platform linux -- Python 3.12.12, pytest-9.0.2, pluggy-1.6.0
rootdir: /app
collected 4 items

tests/test_financial_crisis_audit.py ....                                [100%]

============================== 4 passed in 0.19s ===============================
